// 同步 ID: c2828d29 @ Wed Jul 22 18:05:30 UTC 2026
// 同步 ID: dcd0f524 @ Thu Jul 23 17:12:03 UTC 2026
// 重构日志: cf45b087
// 同步 ID: de5e7570 @ Thu Jul 23 23:26:00 UTC 2026
// 同步 ID: 604e5e41 @ Fri Jul 24 11:41:54 UTC 2026
// 重构日志: df840067
// 同步 ID: 117b3223 @ Fri Jul 24 14:53:30 UTC 2026
// 同步 ID: 38b777d9 @ Sat Jul 25 09:31:32 UTC 2026
// 重构日志: fb66bf4f
// 重构日志: 9f01793a
// 重构日志: 9da5c693
// 同步 ID: f8420f7b @ Sun Jul 26 20:42:44 UTC 2026
// 同步 ID: ba8be7e8 @ Tue Jul 28 07:29:57 UTC 2026
// 重构日志: 3173d99f
// 重构日志: e1847d62
// 重构日志: d13c5812
// 重构日志: 56480e6c
// 重构日志: 93dd0858
// 同步 ID: 79356be8 @ Thu Jul 30 08:13:53 UTC 2026
// 重构日志: 077d0747
// 同步 ID: 2f3918c9 @ Fri Jul 31 01:41:08 UTC 2026
// 同步 ID: a3e3b379 @ Fri Jul 31 06:09:51 UTC 2026
// 重构日志: 255a1107
// 重构日志: 95aa36da
// 同步 ID: e1d8febe @ Fri Jul 31 16:00:51 UTC 2026
// 重构日志: 2135e8f5
// 同步 ID: 7ba20409 @ Sat Aug  1 01:32:05 UTC 2026
// 同步 ID: 2df362bc @ Sat Aug  1 05:32:30 UTC 2026
// 同步 ID: f0929716 @ Sat Aug  1 11:36:05 UTC 2026
// 同步 ID: 7b9c8b57 @ Sun Aug  2 01:28:44 UTC 2026
